    5  hostnamectl set-hostname server
    6  exec bash
    7  firewall-config
    8  semanage port -a -t ssh_port_t -p tcp 1200
    9  semanage port -1
   10  semanage port-1
   11  semanage port -1
   12  semanage port -l
   13  semanage port -l | grep ssh
   14  ls -lz /etc/fstab
   15  ls -l /etc/fstab
   16  ls -ldz /etc/fstab
   17  ls -lz nikhil
   18  firewall-cmd --permanent --remove-port=1200/tcp
   19  firewall-cmd --reload
   20  firewall-cmd --list-port
   21  firewall-cmd --permanent --add-port=22/tcp
   22  firewall-cmd --reload
   23  firewall-cmd --list-port
   24  history
[root@server ~]# 
[root@server ~]# clear





[root@server ~]# rpm -q bind
package bind is not installed
[root@server ~]# rpm -ivh bind
error: open of bind failed: No such file or directory
[root@server ~]# yum







[root@server ~]# yum install binf
^C

Exiting on user cancel.
[root@server ~]# yum install bin






















[root@server ~]# yum install bind
Loaded plugins: fastestmirror, langpacks
Could not retrieve mirrorlist http://mirrorlist.centos.org/?release=7&arch=x86_64&repo=os&infra=stock error was
14: curl#6 - "Could not resolve host: mirrorlist.centos.org; Unknown error"


 One of the configured repositories failed (Unknown),
 and yum doesn't have enough cached data to continue. At this point the only
 safe thing yum can do is fail. There are a few ways to work "fix" this:

     1. Contact the upstream for the repository and get them to fix the problem.

     2. Reconfigure the baseurl/etc. for the repository, to point to a working
        upstream. This is most often useful if you are using a newer
        distribution release than is supported by the repository (and the
        packages for the previous distribution release still work).

     3. Run the command with the repository temporarily disabled
            yum --disablerepo=<repoid> ...

     4. Disable the repository permanently, so yum won't use it by default. Yum
        will then just ignore the repository until you permanently enable it
        again or use --enablerepo for temporary usage:

            yum-config-manager --disable <repoid>
        or
            subscription-manager repos --disable=<repoid>

     5. Configure the failing repository to be skipped, if it is unavailable.
        Note that yum will try to contact the repo. when it runs most commands,
        so will have to try and fail each time (and thus. yum will be be much
        slower). If it is a very temporary problem though, this is often a nice
        compromise:

            yum-config-manager --save --setopt=<repoid>.skip_if_unavailable=true

Cannot find a valid baseurl for repo: base/7/x86_64
[root@server ~]# yum clean all
Loaded plugins: fastestmirror, langpacks
Cleaning repos: base extras updates
Cleaning up everything
Maybe you want: rm -rf /var/cache/yum, to also free up space taken by orphaned data from disabled or removed repos
[root@server ~]# yum repolist all
Loaded plugins: fastestmirror, langpacks
Could not retrieve mirrorlist http://mirrorlist.centos.org/?release=7&arch=x86_64&repo=os&infra=stock error was
14: curl#6 - "Could not resolve host: mirrorlist.centos.org; Unknown error"
Could not retrieve mirrorlist http://mirrorlist.centos.org/?release=7&arch=x86_64&repo=extras&infra=stock error was
14: curl#6 - "Could not resolve host: mirrorlist.centos.org; Unknown error"
Could not retrieve mirrorlist http://mirrorlist.centos.org/?release=7&arch=x86_64&repo=updates&infra=stock error was
14: curl#6 - "Could not resolve host: mirrorlist.centos.org; Unknown error"
repo id                                        repo name                                       status
C7.0.1406-base/x86_64                          CentOS-7.0.1406 - Base                          disabled
C7.0.1406-centosplus/x86_64                    CentOS-7.0.1406 - CentOSPlus                    disabled
C7.0.1406-extras/x86_64                        CentOS-7.0.1406 - Extras                        disabled
C7.0.1406-fasttrack/x86_64                     CentOS-7.0.1406 - CentOSPlus                    disabled
C7.0.1406-updates/x86_64                       CentOS-7.0.1406 - Updates                       disabled
C7.1.1503-base/x86_64                          CentOS-7.1.1503 - Base                          disabled
C7.1.1503-centosplus/x86_64                    CentOS-7.1.1503 - CentOSPlus                    disabled
C7.1.1503-extras/x86_64                        CentOS-7.1.1503 - Extras                        disabled
C7.1.1503-fasttrack/x86_64                     CentOS-7.1.1503 - CentOSPlus                    disabled
C7.1.1503-updates/x86_64                       CentOS-7.1.1503 - Updates                       disabled
C7.2.1511-base/x86_64                          CentOS-7.2.1511 - Base                          disabled
C7.2.1511-centosplus/x86_64                    CentOS-7.2.1511 - CentOSPlus                    disabled
C7.2.1511-extras/x86_64                        CentOS-7.2.1511 - Extras                        disabled
C7.2.1511-fasttrack/x86_64                     CentOS-7.2.1511 - CentOSPlus                    disabled
C7.2.1511-updates/x86_64                       CentOS-7.2.1511 - Updates                       disabled
C7.3.1611-base/x86_64                          CentOS-7.3.1611 - Base                          disabled
C7.3.1611-centosplus/x86_64                    CentOS-7.3.1611 - CentOSPlus                    disabled
C7.3.1611-extras/x86_64                        CentOS-7.3.1611 - Extras                        disabled
C7.3.1611-fasttrack/x86_64                     CentOS-7.3.1611 - CentOSPlus                    disabled
C7.3.1611-updates/x86_64                       CentOS-7.3.1611 - Updates                       disabled
base/7/x86_64                                  CentOS-7 - Base                                 enabled: 0
base-debuginfo/x86_64                          CentOS-7 - Debuginfo                            disabled
base-source/7                                  CentOS-7 - Base Sources                         disabled
c7-media                                       CentOS-7 - Media                                disabled
centosplus/7/x86_64                            CentOS-7 - Plus                                 disabled
centosplus-source/7                            CentOS-7 - Plus Sources                         disabled
cr/7/x86_64                                    CentOS-7 - cr                                   disabled
extras/7/x86_64                                CentOS-7 - Extras                               enabled: 0
extras-source/7                                CentOS-7 - Extras Sources                       disabled
fasttrack/7/x86_64                             CentOS-7 - fasttrack                            disabled
updates/7/x86_64                               CentOS-7 - Updates                              enabled: 0
updates-source/7                               CentOS-7 - Updates Sources                      disabled
repolist: 0
[root@server ~]# cd /etc/yum.repos.d/
[root@server yum.repos.d]# 
[root@server yum.repos.d]# ls
CentOS-Base.repo  CentOS-Debuginfo.repo  CentOS-Media.repo    CentOS-Vault.repo
CentOS-CR.repo    CentOS-fasttrack.repo  CentOS-Sources.repo
[root@server yum.repos.d]# rm -rf *
[root@server yum.repos.d]# ls
m rh[root@server yum.repos.d]# vim rhel.repo
[root@server yum.repos.d]# lsblk
NAME            MAJ:MIN RM  SIZE RO TYPE MOUNTPOINT
sda               8:0    0   20G  0 disk 
├─sda1            8:1    0    1G  0 part /boot
└─sda2            8:2    0   19G  0 part 
  ├─centos-root 253:0    0   17G  0 lvm  /
  └─centos-swap 253:1    0    2G  0 lvm  [SWAP]
sr0              11:0    1  4.2G  0 rom  /run/media/roo/CentOS 7 x86_64
[root@server yum.repos.d]# vim /etc/fstab
[root@server yum.repos.d]# mount -a
mount: mount point /mnt/rhel does not exist
[root@server yum.repos.d]# yum repolist al









[root@server yum.repos.d]# yum repolist al
Loaded plugins: fastestmirror, langpacks
Repository 'rhel.repo' is missing name in configuration, using id
file:///mnt/rhel/repodata/repomd.xml: [Errno 14] curl#37 - "Couldn't open file /mnt/rhel/repodata/repomd.xml"
Trying other mirror.
file:///mnt/rhel/repodata/repomd.xml: [Errno 14] curl#37 - "Couldn't open file /mnt/rhel/repodata/repomd.xml"
Trying other mirror.
repolist: 0
[root@server yum.repos.d]# yum repolist all
Loaded plugins: fastestmirror, langpacks
Repository 'rhel.repo' is missing name in configuration, using id
file:///mnt/rhel/repodata/repomd.xml: [Errno 14] curl#37 - "Couldn't open file /mnt/rhel/repodata/repomd.xml"
Trying other mirror.
file:///mnt/rhel/repodata/repomd.xml: [Errno 14] curl#37 - "Couldn't open file /mnt/rhel/repodata/repomd.xml"
Trying other mirror.
repo id                                        repo name                                       status
rhel.repo                                      rhel.repo                                       enabled: 0
repolist: 0
[root@server yum.repos.d]# 




[root@server yum.repos.d]# yum clean all
Loaded plugins: fastestmirror, langpacks
Repository 'rhel.repo' is missing name in configuration, using id
Cleaning repos: rhel.repo
Cleaning up everything
Maybe you want: rm -rf /var/cache/yum, to also free up space taken by orphaned data from disabled or removed repos
[root@server yum.repos.d]# cat rhel.repo 
[rhel.repo]
baseurl=file:///mnt/rhel
gpgcheck=0
[root@server yum.repos.d]# lsblk
NAME            MAJ:MIN RM  SIZE RO TYPE MOUNTPOINT
sda               8:0    0   20G  0 disk 
├─sda1            8:1    0    1G  0 part /boot
└─sda2            8:2    0   19G  0 part 
  ├─centos-root 253:0    0   17G  0 lvm  /
  └─centos-swap 253:1    0    2G  0 lvm  [SWAP]
sr0              11:0    1  4.2G  0 rom  /run/media/roo/CentOS 7 x86_64
[root@server yum.repos.d]# mount -a
mount: mount point /mnt/rhel does not exist
[root@server yum.repos.d]# mkdir /mnt/rhel
[root@server yum.repos.d]# mount -a
mount: /dev/sr0 is write-protected, mounting read-only
[root@server yum.repos.d]# yum repoolist all


[root@server yum.repos.d]# yum repoolist all
Loaded plugins: fastestmirror, langpacks
No such command: repoolist. Please use /bin/yum --help
[root@server yum.repos.d]# yum repolist all























[root@server yum.repos.d]# yum repolist all
Loaded plugins: fastestmirror, langpacks
Repository 'rhel.repo' is missing name in configuration, using id
rhel.repo                                                                         | 3.6 kB  00:00:00     
(1/2): rhel.repo/group_gz                                                         | 156 kB  00:00:00     
(2/2): rhel.repo/primary_db                                                       | 3.1 MB  00:00:00     
Determining fastest mirrors
repo id                                      repo name                                     status
rhel.repo                                    rhel.repo                                     enabled: 3,894
repolist: 3,894
[root@server yum.repos.d]# cd
[root@server ~]# 















[root@server ~]# yum install bind
Loaded plugins: fastestmirror, langpacks
Repository 'rhel.repo' is missing name in configuration, using id
Loading mirror speeds from cached hostfile
Resolving Dependencies
--> Running transaction check
---> Package bind.x86_64 32:9.9.4-50.el7 will be installed
--> Finished Dependency Resolution

Dependencies Resolved

=========================================================================================================
 Package             Arch                  Version                        Repository                Size
=========================================================================================================
Installing:
 bind                x86_64                32:9.9.4-50.el7                rhel.repo                1.8 M

Transaction Summary
=========================================================================================================
Install  1 Package

Total download size: 1.8 M
Installed size: 4.3 M
Is this ok [y/d/N]: y
Downloading packages:
Running transaction check
Running transaction test
Transaction test succeeded
Running transaction
  Installing : 32:bind-9.9.4-50.el7.x86_64                                                           1/1 
  Verifying  : 32:bind-9.9.4-50.el7.x86_64                                                           1/1 

Installed:
  bind.x86_64 32:9.9.4-50.el7                                                                            

Complete!
[root@server ~]# 
[root@server ~]# systemctl restart named
[root@server ~]# systemctl enable named
Created symlink from /etc/systemd/system/multi-user.target.wants/named.service to /usr/lib/systemd/system/named.service.
[root@server ~]# firewall-cmd --permanent --add-port=53/tcp
success
[root@server ~]# firewall-cmd --permanent --add-port=53/udp
success
[root@server ~]# firewall-cmd --permanent --add-service=dns
success
[root@server ~]# firewall-cmd --reload
success
[root@server ~]# 














[root@server ~]# vim /etc/named.conf
[root@server ~]# cd /var/named/
[root@server named]# 
























[root@server named]# ll
total 16
drwxrwx---. 2 named named   23 Jun 11 01:04 data
drwxrwx---. 2 named named   60 Jun 11 01:04 dynamic
-rw-r-----. 1 root  named 2281 May 22  2017 named.ca
-rw-r-----. 1 root  named  152 Dec 15  2009 named.empty
-rw-r-----. 1 root  named  152 Jun 21  2007 named.localhost
-rw-r-----. 1 root  named  168 Dec 15  2009 named.loopback
drwxrwx---. 2 named named    6 Aug  4  2017 slaves
[root@server named]# touch pukhraj
[root@server named]# chgrp named pukhraj 
[root@server named]# ll
total 16
drwxrwx---. 2 named named   23 Jun 11 01:04 data
drwxrwx---. 2 named named   60 Jun 11 01:04 dynamic
-rw-r-----. 1 root  named 2281 May 22  2017 named.ca
-rw-r-----. 1 root  named  152 Dec 15  2009 named.empty
-rw-r-----. 1 root  named  152 Jun 21  2007 named.localhost
-rw-r-----. 1 root  named  168 Dec 15  2009 named.loopback
-rw-r--r--. 1 root  named    0 Jun 11 01:07 pukhraj
drwxrwx---. 2 named named    6 Aug  4  2017 slaves
[root@server named]# cp named.localhost pukhraj 
cp: overwrite ‘pukhraj’? y
[root@server named]# vim pukhraj 
[root@server named]# 


[root@server named]# systemctl restart named
[root@server named]# cd
[root@server ~]# 
























[root@server ~]# ip addr
1: lo: <LOOPBACK,UP,LOWER_UP> mtu 65536 qdisc noqueue state UNKNOWN qlen 1
    link/loopback 00:00:00:00:00:00 brd 00:00:00:00:00:00
    inet 127.0.0.1/8 scope host lo
       valid_lft forever preferred_lft forever
    inet6 ::1/128 scope host 
       valid_lft forever preferred_lft forever
2: ens33: <BROADCAST,MULTICAST,UP,LOWER_UP> mtu 1500 qdisc pfifo_fast state UP qlen 1000
    link/ether 00:0c:29:65:98:bc brd ff:ff:ff:ff:ff:ff
    inet 172.25.0.11/24 brd 172.25.0.255 scope global ens33
       valid_lft forever preferred_lft forever
    inet6 fe80::414a:c708:8491:7ede/64 scope link 
       valid_lft forever preferred_lft forever
3: virbr0: <NO-CARRIER,BROADCAST,MULTICAST,UP> mtu 1500 qdisc noqueue state DOWN qlen 1000
    link/ether 52:54:00:81:b0:df brd ff:ff:ff:ff:ff:ff
    inet 192.168.122.1/24 brd 192.168.122.255 scope global virbr0
       valid_lft forever preferred_lft forever
4: virbr0-nic: <BROADCAST,MULTICAST> mtu 1500 qdisc pfifo_fast master virbr0 state DOWN qlen 1000
    link/ether 52:54:00:81:b0:df brd ff:ff:ff:ff:ff:ff
[root@server ~]# nmcli connection add type ethernet con-name server ifname ens33 
Connection 'server' (6c7c1b2c-28bf-40de-9a17-78b1471af806) successfully added.
[root@server ~]# 
[root@server ~]# ifconfig ens33
ens33: flags=4163<UP,BROADCAST,RUNNING,MULTICAST>  mtu 1500
        inet 172.25.0.11  netmask 255.255.255.0  broadcast 172.25.0.255
        inet6 fe80::414a:c708:8491:7ede  prefixlen 64  scopeid 0x20<link>
        ether 00:0c:29:65:98:bc  txqueuelen 1000  (Ethernet)
        RX packets 689  bytes 69260 (67.6 KiB)
        RX errors 0  dropped 0  overruns 0  frame 0
        TX packets 36  bytes 4617 (4.5 KiB)
        TX errors 0  dropped 0 overruns 0  carrier 0  collisions 0

[root@server ~]# nmcli connection up server 
Connection successfully activated (D-Bus active path: /org/freedesktop/NetworkManager/ActiveConnection/4)
[root@server ~]# ifconfig ens33
ens33: flags=4163<UP,BROADCAST,RUNNING,MULTICAST>  mtu 1500
        inet 172.25.0.11  netmask 255.255.255.0  broadcast 172.25.0.255
        inet6 fe80::b0b6:925e:1fd6:7615  prefixlen 64  scopeid 0x20<link>
        ether 00:0c:29:65:98:bc  txqueuelen 1000  (Ethernet)
        RX packets 692  bytes 69536 (67.9 KiB)
        RX errors 0  dropped 0  overruns 0  frame 0
        TX packets 47  bytes 6196 (6.0 KiB)
        TX errors 0  dropped 0 overruns 0  carrier 0  collisions 0

[root@server ~]# nmcli connection up server 
Connection successfully activated (D-Bus active path: /org/freedesktop/NetworkManager/ActiveConnection/5)
[root@server ~]# ifconfig ens33
ens33: flags=4099<UP,BROADCAST,MULTICAST>  mtu 1500
        ether 00:0c:29:65:98:bc  txqueuelen 1000  (Ethernet)
        RX packets 696  bytes 69904 (68.2 KiB)
        RX errors 0  dropped 0  overruns 0  frame 0
        TX packets 64  bytes 8638 (8.4 KiB)
        TX errors 0  dropped 0 overruns 0  carrier 0  collisions 0

[root@server ~]# ifconfig ens33
ens33: flags=4163<UP,BROADCAST,RUNNING,MULTICAST>  mtu 1500
        inet 172.25.0.11  netmask 255.255.255.0  broadcast 172.25.0.255
        inet6 fe80::b0b6:925e:1fd6:7615  prefixlen 64  scopeid 0x20<link>
        ether 00:0c:29:65:98:bc  txqueuelen 1000  (Ethernet)
        RX packets 696  bytes 69904 (68.2 KiB)
        RX errors 0  dropped 0  overruns 0  frame 0
        TX packets 72  bytes 9804 (9.5 KiB)
        TX errors 0  dropped 0 overruns 0  carrier 0  collisions 0

[root@server ~]# ifconfig ens33
ens33: flags=4163<UP,BROADCAST,RUNNING,MULTICAST>  mtu 1500
        inet 172.25.0.11  netmask 255.255.255.0  broadcast 172.25.0.255
        inet6 fe80::b0b6:925e:1fd6:7615  prefixlen 64  scopeid 0x20<link>
        inet6 2405:205:1507:e8be:31e1:cda6:7157:a739  prefixlen 64  scopeid 0x0<global>
        ether 00:0c:29:65:98:bc  txqueuelen 1000  (Ethernet)
        RX packets 698  bytes 70132 (68.4 KiB)
        RX errors 0  dropped 0  overruns 0  frame 0
        TX packets 86  bytes 11633 (11.3 KiB)
        TX errors 0  dropped 0 overruns 0  carrier 0  collisions 0

[root@server ~]# ifconfig ens33
ens33: flags=4163<UP,BROADCAST,RUNNING,MULTICAST>  mtu 1500
        inet 172.25.0.11  netmask 255.255.255.0  broadcast 172.25.0.255
        inet6 fe80::b0b6:925e:1fd6:7615  prefixlen 64  scopeid 0x20<link>
        inet6 2405:205:1507:e8be:31e1:cda6:7157:a739  prefixlen 64  scopeid 0x0<global>
        ether 00:0c:29:65:98:bc  txqueuelen 1000  (Ethernet)
        RX packets 698  bytes 70132 (68.4 KiB)
        RX errors 0  dropped 0  overruns 0  frame 0
        TX packets 89  bytes 12083 (11.7 KiB)
        TX errors 0  dropped 0 overruns 0  carrier 0  collisions 0

[root@server ~]# ifconfig ens33
ens33: flags=4163<UP,BROADCAST,RUNNING,MULTICAST>  mtu 1500
        inet 172.25.0.11  netmask 255.255.255.0  broadcast 172.25.0.255
        inet6 fe80::b0b6:925e:1fd6:7615  prefixlen 64  scopeid 0x20<link>
        inet6 2405:205:1507:e8be:31e1:cda6:7157:a739  prefixlen 64  scopeid 0x0<global>
        ether 00:0c:29:65:98:bc  txqueuelen 1000  (Ethernet)
        RX packets 698  bytes 70132 (68.4 KiB)
        RX errors 0  dropped 0  overruns 0  frame 0
        TX packets 93  bytes 12858 (12.5 KiB)
        TX errors 0  dropped 0 overruns 0  carrier 0  collisions 0

[root@server ~]# ifconfig ens33
ens33: flags=4163<UP,BROADCAST,RUNNING,MULTICAST>  mtu 1500
        inet 172.25.0.11  netmask 255.255.255.0  broadcast 172.25.0.255
        inet6 fe80::b0b6:925e:1fd6:7615  prefixlen 64  scopeid 0x20<link>
        inet6 2405:205:1507:e8be:31e1:cda6:7157:a739  prefixlen 64  scopeid 0x0<global>
        ether 00:0c:29:65:98:bc  txqueuelen 1000  (Ethernet)
        RX packets 698  bytes 70132 (68.4 KiB)
        RX errors 0  dropped 0  overruns 0  frame 0
        TX packets 96  bytes 13453 (13.1 KiB)
        TX errors 0  dropped 0 overruns 0  carrier 0  collisions 0

[root@server ~]# ifconfig ens33
ens33: flags=4163<UP,BROADCAST,RUNNING,MULTICAST>  mtu 1500
        inet 172.25.0.11  netmask 255.255.255.0  broadcast 172.25.0.255
        inet6 fe80::b0b6:925e:1fd6:7615  prefixlen 64  scopeid 0x20<link>
        inet6 2405:205:1507:e8be:31e1:cda6:7157:a739  prefixlen 64  scopeid 0x0<global>
        ether 00:0c:29:65:98:bc  txqueuelen 1000  (Ethernet)
        RX packets 698  bytes 70132 (68.4 KiB)
        RX errors 0  dropped 0  overruns 0  frame 0
        TX packets 97  bytes 13513 (13.1 KiB)
        TX errors 0  dropped 0 overruns 0  carrier 0  collisions 0

[root@server ~]# ifconfig ens33
ens33: flags=4163<UP,BROADCAST,RUNNING,MULTICAST>  mtu 1500
        inet 172.25.0.11  netmask 255.255.255.0  broadcast 172.25.0.255
        inet6 fe80::b0b6:925e:1fd6:7615  prefixlen 64  scopeid 0x20<link>
        inet6 2405:205:1507:e8be:31e1:cda6:7157:a739  prefixlen 64  scopeid 0x0<global>
        ether 00:0c:29:65:98:bc  txqueuelen 1000  (Ethernet)
        RX packets 698  bytes 70132 (68.4 KiB)
        RX errors 0  dropped 0  overruns 0  frame 0
        TX packets 98  bytes 13693 (13.3 KiB)
        TX errors 0  dropped 0 overruns 0  carrier 0  collisions 0

[root@server ~]# ifconfig ens33
ens33: flags=4163<UP,BROADCAST,RUNNING,MULTICAST>  mtu 1500
        inet 172.25.0.11  netmask 255.255.255.0  broadcast 172.25.0.255
        inet6 fe80::b0b6:925e:1fd6:7615  prefixlen 64  scopeid 0x20<link>
        inet6 2405:205:1507:e8be:31e1:cda6:7157:a739  prefixlen 64  scopeid 0x0<global>
        ether 00:0c:29:65:98:bc  txqueuelen 1000  (Ethernet)
        RX packets 698  bytes 70132 (68.4 KiB)
        RX errors 0  dropped 0  overruns 0  frame 0
        TX packets 98  bytes 13693 (13.3 KiB)
        TX errors 0  dropped 0 overruns 0  carrier 0  collisions 0

[root@server ~]# ifconfig ens33
ens33: flags=4163<UP,BROADCAST,RUNNING,MULTICAST>  mtu 1500
        inet 172.25.0.11  netmask 255.255.255.0  broadcast 172.25.0.255
        inet6 fe80::b0b6:925e:1fd6:7615  prefixlen 64  scopeid 0x20<link>
        inet6 2405:205:1507:e8be:31e1:cda6:7157:a739  prefixlen 64  scopeid 0x0<global>
        ether 00:0c:29:65:98:bc  txqueuelen 1000  (Ethernet)
        RX packets 698  bytes 70132 (68.4 KiB)
        RX errors 0  dropped 0  overruns 0  frame 0
        TX packets 98  bytes 13693 (13.3 KiB)
        TX errors 0  dropped 0 overruns 0  carrier 0  collisions 0

[root@server ~]# nmcli connection delete server 
Connection 'server' (2fe14040-a001-4d20-ac6d-69c5d7266602) successfully deleted.
Connection 'server' (6d8c07e9-ecfa-4ca3-96c6-4fc4b0dd8eee) successfully deleted.
Connection 'server' (df863ad9-8f2d-4265-b987-e4da0226d20f) successfully deleted.
Connection 'server' (f577c03d-b52c-42c4-ad57-fd31fff3bb04) successfully deleted.
Connection 'server' (4047b67f-57ab-4ef6-a376-948c9518f738) successfully deleted.
Connection 'server' (6c7c1b2c-28bf-40de-9a17-78b1471af806) successfully deleted.
[root@server ~]# nmcli connection add type ethernet con-name server ifname ens33 
Connection 'server' (0e6a7d58-9740-4e62-aa75-5ed2422d862d) successfully added.
[root@server ~]# ifconfig ens33
ens33: flags=4163<UP,BROADCAST,RUNNING,MULTICAST>  mtu 1500
        inet6 2405:205:1507:e8be:888a:9e8c:78b7:53d0  prefixlen 64  scopeid 0x0<global>
        inet6 fe80::4034:2d56:57a0:c1d5  prefixlen 64  scopeid 0x20<link>
        ether 00:0c:29:65:98:bc  txqueuelen 1000  (Ethernet)
        RX packets 705  bytes 70830 (69.1 KiB)
        RX errors 0  dropped 0  overruns 0  frame 0
        TX packets 114  bytes 15475 (15.1 KiB)
        TX errors 0  dropped 0 overruns 0  carrier 0  collisions 0

[root@server ~]# ifconfig ens33
ens33: flags=4163<UP,BROADCAST,RUNNING,MULTICAST>  mtu 1500
        inet 192.168.43.99  netmask 255.255.255.0  broadcast 192.168.43.255
        inet6 2405:205:1507:e8be:888a:9e8c:78b7:53d0  prefixlen 64  scopeid 0x0<global>
        inet6 fe80::4034:2d56:57a0:c1d5  prefixlen 64  scopeid 0x20<link>
        ether 00:0c:29:65:98:bc  txqueuelen 1000  (Ethernet)
        RX packets 707  bytes 71540 (69.8 KiB)
        RX errors 0  dropped 0  overruns 0  frame 0
        TX packets 120  bytes 17109 (16.7 KiB)
        TX errors 0  dropped 0 overruns 0  carrier 0  collisions 0

[root@server ~]# 
[root@server ~]# ifconfig ens33
ens33: flags=4163<UP,BROADCAST,RUNNING,MULTICAST>  mtu 1500
        inet 192.168.43.99  netmask 255.255.255.0  broadcast 192.168.43.255
        inet6 2405:205:1507:e8be:888a:9e8c:78b7:53d0  prefixlen 64  scopeid 0x0<global>
        inet6 fe80::4034:2d56:57a0:c1d5  prefixlen 64  scopeid 0x20<link>
        ether 00:0c:29:65:98:bc  txqueuelen 1000  (Ethernet)
        RX packets 732  bytes 76707 (74.9 KiB)
        RX errors 0  dropped 0  overruns 0  frame 0
        TX packets 127  bytes 18738 (18.2 KiB)
        TX errors 0  dropped 0 overruns 0  carrier 0  collisions 0

[root@server ~]# vim /var/named/pukhraj 
[root@server ~]# !sy
systemctl restart named
[root@server ~]# ifconfig ens33
ens33: flags=4163<UP,BROADCAST,RUNNING,MULTICAST>  mtu 1500
        inet 192.168.43.99  netmask 255.255.255.0  broadcast 192.168.43.255
        inet6 2405:205:1507:e8be:888a:9e8c:78b7:53d0  prefixlen 64  scopeid 0x0<global>
        inet6 fe80::4034:2d56:57a0:c1d5  prefixlen 64  scopeid 0x20<link>
        ether 00:0c:29:65:98:bc  txqueuelen 1000  (Ethernet)
        RX packets 743  bytes 78204 (76.3 KiB)
        RX errors 0  dropped 0  overruns 0  frame 0
        TX packets 138  bytes 19739 (19.2 KiB)
        TX errors 0  dropped 0 overruns 0  carrier 0  collisions 0

[root@server ~]# vim /etc/resolv.conf 
[root@server ~]# nslookup www.google.com
Server:		192.168.43.99
Address:	192.168.43.99#53

Name:	www.google.com
Address: 172.25.0.15

[root@server ~]# 
[root@server ~]# cat /etc/named.conf 
options		{
			directory "/var/named";
		};

zone "google.com"	{
				type master;
				file "pukhraj";
			};

[root@server ~]# cat /var/named/pukhraj 
$TTL 1D
@	IN SOA	@ rname.invalid. (
					0	; serial
					1D	; refresh
					1H	; retry
					1W	; expire
					3H )	; minimum

google.com.	IN	NS	www.google.com.
www		IN	A	172.25.0.15
[root@server ~]# 






